
======================================================================
WORKFLOW EXECUTION STARTED
======================================================================
Workflow ID : demoo
Workflow    : demoo
Execution Type : graph
======================================================================

======================================================================
GRAPH / ORCHESTRATION EXECUTION
======================================================================
Starting Step : step_1
 🚀 Crew Execution Started 
                                                                                                                
  Crew Execution Started                                                                                        
  Name: crew                                                                                                    
  ID: f34a21a2-106f-4424-b71f-73ffdc96c22d                                                                      
                                                                                                                
                                                                                                                


 📋 Task Started 
                                                                                                                
  Task Started                                                                                                  
  Name: Analyze the requirement analysis provided by the previous workflow step and generate test cases         
  covering functional scenarios, positive scenarios, negative scenarios, boundary conditions, edge cases,       
  input validation, business rules, error handling, and regression scenarios                                    
                                                                                                                
  Runtime Input:                                                                                                
  {'user_input': '{  "bugId": "BUG-1024",  "title": "Checkout fails when applying a discount coupon",           
  "description": "Users are unable to complete checkout when they apply a valid discount coupon. The discount   
  is displayed correctly on the cart page, but clicking \\"Place Order\\" results in a 500 Internal Server      
  Error.",  "environment": "Production",  "affectedModule": "Checkout / Payment",  "severity": "High"}',        
  'previous_output': None, 'variables': {}}                                                                     
  ID: 46984062-8a76-4de5-9bf9-24e7cd64d91d                                                                      
                                                                                                                
                                                                                                                


 🤖 Agent Started 
                                                                                                                
  Agent: Senior QA Test Case Engineer                                                                           
                                                                                                                
  Task: Analyze the requirement analysis provided by the previous workflow step and generate test cases         
  covering functional scenarios, positive scenarios, negative scenarios, boundary conditions, edge cases,       
  input validation, business rules, error handling, and regression scenarios                                    
                                                                                                                
  Runtime Input:                                                                                                
  {'user_input': '{  "bugId": "BUG-1024",  "title": "Checkout fails when applying a discount coupon",           
  "description": "Users are unable to complete checkout when they apply a valid discount coupon. The discount   
  is displayed correctly on the cart page, but clicking \\"Place Order\\" results in a 500 Internal Server      
  Error.",  "environment": "Production",  "affectedModule": "Checkout / Payment",  "severity": "High"}',        
  'previous_output': None, 'variables': {}}                                                                     
                                                                                                                


